#
# There is insufficient memory for the Java Runtime Environment to continue.
# Native memory allocation (malloc) failed to allocate 1296896 bytes. Error detail: Chunk::new
# Possible reasons:
#   The system is out of physical RAM or swap space
#   This process is running with CompressedOops enabled, and the Java Heap may be blocking the growth of the native heap
# Possible solutions:
#   Reduce memory load on the system
#   Increase physical memory or swap space
#   Check if swap backing store is full
#   Decrease Java heap size (-Xmx/-Xms)
#   Decrease number of Java threads
#   Decrease Java thread stack sizes (-Xss)
#   Set larger code cache with -XX:ReservedCodeCacheSize=
#   JVM is running with Unscaled Compressed Oops mode in which the Java heap is
#     placed in the first 4GB address space. The Java Heap base address is the
#     maximum limit for the native heap growth. Please use -XX:HeapBaseMinAddress
#     to set the Java Heap base and to place the Java Heap above 4GB virtual address.
# This output file may be truncated or incomplete.
#
#  Out of Memory Error (arena.cpp:168), pid=12828, tid=77568
#
# JRE version: OpenJDK Runtime Environment JBR-21.0.9+1-1163.94-jcef (21.0.9+1) (build 21.0.9+1-b1163.94)
# Java VM: OpenJDK 64-Bit Server VM JBR-21.0.9+1-1163.94-jcef (21.0.9+1-b1163.94, mixed mode, tiered, compressed oops, compressed class ptrs, g1 gc, windows-amd64)
# No core dump will be written. Minidumps are not enabled by default on client versions of Windows
#

---------------  S U M M A R Y ------------

Command Line: git4idea.http.GitAskPassApp Password for 'https://mameawa795-MIDA@github.com': 

Host: Intel(R) Core(TM) i5-8350U CPU @ 1.70GHz, 8 cores, 7G,  Windows 11 , 64 bit Build 26100 (10.0.26100.7705)
Time: Wed Apr 15 15:46:48 2026 Greenwich elapsed time: 10.693274 seconds (0d 0h 0m 10s)

---------------  T H R E A D  ---------------

Current thread (0x000001b300a774b0):  JavaThread "C2 CompilerThread1" daemon [_thread_in_native, id=77568, stack(0x00000026ce400000,0x00000026ce500000) (1024K)]


Current CompileTask:
C2:10693 1071       4       sun.security.ec.ECOperations::setDouble (463 bytes)

Stack: [0x00000026ce400000,0x00000026ce500000]
Native frames: (J=compiled Java code, j=interpreted, Vv=VM code, C=native code)
V  [jvm.dll+0x6ec339]
V  [jvm.dll+0x8cc463]
V  [jvm.dll+0x8cea8e]
V  [jvm.dll+0x8cf173]
V  [jvm.dll+0x28b006]
V  [jvm.dll+0xc6f3d]
V  [jvm.dll+0xc7473]
V  [jvm.dll+0x301db0]
V  [jvm.dll+0x611df9]
V  [jvm.dll+0x25b0b2]
V  [jvm.dll+0x25b46f]
V  [jvm.dll+0x253c15]
V  [jvm.dll+0x25146e]
V  [jvm.dll+0x1ceb04]
V  [jvm.dll+0x260e0e]
V  [jvm.dll+0x25f356]
V  [jvm.dll+0x4031b6]
V  [jvm.dll+0x874178]
V  [jvm.dll+0x6eaabd]
C  [ucrtbase.dll+0x37b0]
C  [KERNEL32.DLL+0x2e8d7]
C  [ntdll.dll+0x8c40c]


---------------  P R O C E S S  ---------------

Threads class SMR info:
_java_thread_list=0x000001b300900f30, length=15, elements={
0x000001b343b35970, 0x000001b30018bfc0, 0x000001b3001beae0, 0x000001b3001c1b60,
0x000001b3001c4420, 0x000001b3001c4e80, 0x000001b3001c78f0, 0x000001b3001c8350,
0x000001b3001d2ff0, 0x000001b3001c9f00, 0x000001b3003914d0, 0x000001b300891f10,
0x000001b300904520, 0x000001b3009b10e0, 0x000001b300a774b0
}

Java Threads: ( => current thread )
  0x000001b343b35970 JavaThread "main"                              [_thread_blocked, id=66184, stack(0x00000026cce00000,0x00000026ccf00000) (1024K)]
  0x000001b30018bfc0 JavaThread "Common-Cleaner"             daemon [_thread_blocked, id=83068, stack(0x00000026cd600000,0x00000026cd700000) (1024K)]
  0x000001b3001beae0 JavaThread "Reference Handler"          daemon [_thread_blocked, id=30240, stack(0x00000026cd700000,0x00000026cd800000) (1024K)]
  0x000001b3001c1b60 JavaThread "Finalizer"                  daemon [_thread_blocked, id=67760, stack(0x00000026cd800000,0x00000026cd900000) (1024K)]
  0x000001b3001c4420 JavaThread "Signal Dispatcher"          daemon [_thread_blocked, id=78512, stack(0x00000026cd900000,0x00000026cda00000) (1024K)]
  0x000001b3001c4e80 JavaThread "Attach Listener"            daemon [_thread_blocked, id=75080, stack(0x00000026cda00000,0x00000026cdb00000) (1024K)]
  0x000001b3001c78f0 JavaThread "Service Thread"             daemon [_thread_blocked, id=50164, stack(0x00000026cdb00000,0x00000026cdc00000) (1024K)]
  0x000001b3001c8350 JavaThread "Monitor Deflation Thread"   daemon [_thread_blocked, id=82028, stack(0x00000026cdc00000,0x00000026cdd00000) (1024K)]
  0x000001b3001d2ff0 JavaThread "C2 CompilerThread0"         daemon [_thread_blocked, id=82056, stack(0x00000026cdd00000,0x00000026cde00000) (1024K)]
  0x000001b3001c9f00 JavaThread "C1 CompilerThread0"         daemon [_thread_blocked, id=31620, stack(0x00000026cde00000,0x00000026cdf00000) (1024K)]
  0x000001b3003914d0 JavaThread "Notification Thread"        daemon [_thread_blocked, id=85692, stack(0x00000026cdf00000,0x00000026ce000000) (1024K)]
  0x000001b300891f10 JavaThread "HttpClient-1-SelectorManager" daemon [_thread_in_native, id=75172, stack(0x00000026ce000000,0x00000026ce100000) (1024K)]
  0x000001b300904520 JavaThread "HttpClient-1-Worker-0"      daemon [_thread_blocked, id=73036, stack(0x00000026ce200000,0x00000026ce300000) (1024K)]
  0x000001b3009b10e0 JavaThread "HttpClient-1-Worker-1"      daemon [_thread_blocked, id=85928, stack(0x00000026ce300000,0x00000026ce400000) (1024K)]
=>0x000001b300a774b0 JavaThread "C2 CompilerThread1"         daemon [_thread_in_native, id=77568, stack(0x00000026ce400000,0x00000026ce500000) (1024K)]
Total: 15

Other Threads:
  0x000001b300151090 VMThread "VM Thread"                           [id=85896, stack(0x00000026cd500000,0x00000026cd600000) (1024K)]
  0x000001b35e374c10 WatcherThread "VM Periodic Task Thread"        [id=42400, stack(0x00000026cd400000,0x00000026cd500000) (1024K)]
  0x000001b345fcfd60 WorkerThread "GC Thread#0"                     [id=85776, stack(0x00000026ccf00000,0x00000026cd000000) (1024K)]
  0x000001b345fe1700 ConcurrentGCThread "G1 Main Marker"            [id=88640, stack(0x00000026cd000000,0x00000026cd100000) (1024K)]
  0x000001b345fe2200 WorkerThread "G1 Conc#0"                       [id=73756, stack(0x00000026cd100000,0x00000026cd200000) (1024K)]
  0x000001b35e2448b0 ConcurrentGCThread "G1 Refine#0"               [id=77968, stack(0x00000026cd200000,0x00000026cd300000) (1024K)]
  0x000001b35e245420 ConcurrentGCThread "G1 Service"                [id=29888, stack(0x00000026cd300000,0x00000026cd400000) (1024K)]
Total: 7

Threads with active compile tasks:
C2 CompilerThread1  10768 1071       4       sun.security.ec.ECOperations::setDouble (463 bytes)
Total: 1

VM state: not at safepoint (normal execution)

VM Mutex/Monitor currently owned by a thread: None

Heap address: 0x0000000082600000, size: 2010 MB, Compressed Oops mode: 32-bit

CDS archive(s) not mapped
Compressed class space mapped at: 0x0000000100000000-0x0000000140000000, reserved size: 1073741824
Narrow klass base: 0x0000000000000000, Narrow klass shift: 3, Narrow klass range: 0x140000000

GC Precious Log:
 CardTable entry size: 512
 Card Set container configuration: InlinePtr #cards 5 size 8 Array Of Cards #cards 12 size 40 Howl #buckets 4 coarsen threshold 1843 Howl Bitmap #cards 512 size 80 coarsen threshold 460 Card regions per heap region 1 cards per card region 2048
 CPUs: 8 total, 8 available
 Memory: 8035M
 Large Page Support: Disabled
 NUMA Support: Disabled
 Compressed Oops: Enabled (32-bit)
 Heap Region Size: 1M
 Heap Min Capacity: 8M
 Heap Initial Capacity: 126M
 Heap Max Capacity: 2010M
 Pre-touch: Disabled
 Parallel Workers: 8
 Concurrent Workers: 2
 Concurrent Refinement Workers: 8
 Periodic GC: Disabled

Heap:
 garbage-first heap   total 129024K, used 15360K [0x0000000082600000, 0x0000000100000000)
  region size 1024K, 17 young (17408K), 0 survivors (0K)
 Metaspace       used 18741K, committed 19008K, reserved 1114112K
  class space    used 1936K, committed 2048K, reserved 1048576K

Heap Regions: E=young(eden), S=young(survivor), O=old, HS=humongous(starts), HC=humongous(continues), CS=collection set, F=free, TAMS=top-at-mark-start, PB=parsable bottom
|   0|0x0000000082600000, 0x0000000082600000, 0x0000000082700000|  0%| F|  |TAMS 0x0000000082600000| PB 0x0000000082600000| Untracked 
|   1|0x0000000082700000, 0x0000000082700000, 0x0000000082800000|  0%| F|  |TAMS 0x0000000082700000| PB 0x0000000082700000| Untracked 
|   2|0x0000000082800000, 0x0000000082800000, 0x0000000082900000|  0%| F|  |TAMS 0x0000000082800000| PB 0x0000000082800000| Untracked 
|   3|0x0000000082900000, 0x0000000082900000, 0x0000000082a00000|  0%| F|  |TAMS 0x0000000082900000| PB 0x0000000082900000| Untracked 
|   4|0x0000000082a00000, 0x0000000082a00000, 0x0000000082b00000|  0%| F|  |TAMS 0x0000000082a00000| PB 0x0000000082a00000| Untracked 
|   5|0x0000000082b00000, 0x0000000082b00000, 0x0000000082c00000|  0%| F|  |TAMS 0x0000000082b00000| PB 0x0000000082b00000| Untracked 
|   6|0x0000000082c00000, 0x0000000082c00000, 0x0000000082d00000|  0%| F|  |TAMS 0x0000000082c00000| PB 0x0000000082c00000| Untracked 
|   7|0x0000000082d00000, 0x0000000082d00000, 0x0000000082e00000|  0%| F|  |TAMS 0x0000000082d00000| PB 0x0000000082d00000| Untracked 
|   8|0x0000000082e00000, 0x0000000082e00000, 0x0000000082f00000|  0%| F|  |TAMS 0x0000000082e00000| PB 0x0000000082e00000| Untracked 
|   9|0x0000000082f00000, 0x0000000082f00000, 0x0000000083000000|  0%| F|  |TAMS 0x0000000082f00000| PB 0x0000000082f00000| Untracked 
|  10|0x0000000083000000, 0x0000000083000000, 0x0000000083100000|  0%| F|  |TAMS 0x0000000083000000| PB 0x0000000083000000| Untracked 
|  11|0x0000000083100000, 0x0000000083100000, 0x0000000083200000|  0%| F|  |TAMS 0x0000000083100000| PB 0x0000000083100000| Untracked 
|  12|0x0000000083200000, 0x0000000083200000, 0x0000000083300000|  0%| F|  |TAMS 0x0000000083200000| PB 0x0000000083200000| Untracked 
|  13|0x0000000083300000, 0x0000000083300000, 0x0000000083400000|  0%| F|  |TAMS 0x0000000083300000| PB 0x0000000083300000| Untracked 
|  14|0x0000000083400000, 0x0000000083400000, 0x0000000083500000|  0%| F|  |TAMS 0x0000000083400000| PB 0x0000000083400000| Untracked 
|  15|0x0000000083500000, 0x0000000083500000, 0x0000000083600000|  0%| F|  |TAMS 0x0000000083500000| PB 0x0000000083500000| Untracked 
|  16|0x0000000083600000, 0x0000000083600000, 0x0000000083700000|  0%| F|  |TAMS 0x0000000083600000| PB 0x0000000083600000| Untracked 
|  17|0x0000000083700000, 0x0000000083700000, 0x0000000083800000|  0%| F|  |TAMS 0x0000000083700000| PB 0x0000000083700000| Untracked 
|  18|0x0000000083800000, 0x0000000083800000, 0x0000000083900000|  0%| F|  |TAMS 0x0000000083800000| PB 0x0000000083800000| Untracked 
|  19|0x0000000083900000, 0x0000000083900000, 0x0000000083a00000|  0%| F|  |TAMS 0x0000000083900000| PB 0x0000000083900000| Untracked 
|  20|0x0000000083a00000, 0x0000000083a00000, 0x0000000083b00000|  0%| F|  |TAMS 0x0000000083a00000| PB 0x0000000083a00000| Untracked 
|  21|0x0000000083b00000, 0x0000000083b00000, 0x0000000083c00000|  0%| F|  |TAMS 0x0000000083b00000| PB 0x0000000083b00000| Untracked 
|  22|0x0000000083c00000, 0x0000000083c00000, 0x0000000083d00000|  0%| F|  |TAMS 0x0000000083c00000| PB 0x0000000083c00000| Untracked 
|  23|0x0000000083d00000, 0x0000000083d00000, 0x0000000083e00000|  0%| F|  |TAMS 0x0000000083d00000| PB 0x0000000083d00000| Untracked 
|  24|0x0000000083e00000, 0x0000000083e00000, 0x0000000083f00000|  0%| F|  |TAMS 0x0000000083e00000| PB 0x0000000083e00000| Untracked 
|  25|0x0000000083f00000, 0x0000000083f00000, 0x0000000084000000|  0%| F|  |TAMS 0x0000000083f00000| PB 0x0000000083f00000| Untracked 
|  26|0x0000000084000000, 0x0000000084000000, 0x0000000084100000|  0%| F|  |TAMS 0x0000000084000000| PB 0x0000000084000000| Untracked 
|  27|0x0000000084100000, 0x0000000084100000, 0x0000000084200000|  0%| F|  |TAMS 0x0000000084100000| PB 0x0000000084100000| Untracked 
|  28|0x0000000084200000, 0x0000000084200000, 0x0000000084300000|  0%| F|  |TAMS 0x0000000084200000| PB 0x0000000084200000| Untracked 
|  29|0x0000000084300000, 0x0000000084300000, 0x0000000084400000|  0%| F|  |TAMS 0x0000000084300000| PB 0x0000000084300000| Untracked 
|  30|0x0000000084400000, 0x0000000084400000, 0x0000000084500000|  0%| F|  |TAMS 0x0000000084400000| PB 0x0000000084400000| Untracked 
|  31|0x0000000084500000, 0x0000000084500000, 0x0000000084600000|  0%| F|  |TAMS 0x0000000084500000| PB 0x0000000084500000| Untracked 
|  32|0x0000000084600000, 0x0000000084600000, 0x0000000084700000|  0%| F|  |TAMS 0x0000000084600000| PB 0x0000000084600000| Untracked 
|  33|0x0000000084700000, 0x0000000084700000, 0x0000000084800000|  0%| F|  |TAMS 0x0000000084700000| PB 0x0000000084700000| Untracked 
|  34|0x0000000084800000, 0x0000000084800000, 0x0000000084900000|  0%| F|  |TAMS 0x0000000084800000| PB 0x0000000084800000| Untracked 
|  35|0x0000000084900000, 0x0000000084900000, 0x0000000084a00000|  0%| F|  |TAMS 0x0000000084900000| PB 0x0000000084900000| Untracked 
|  36|0x0000000084a00000, 0x0000000084a00000, 0x0000000084b00000|  0%| F|  |TAMS 0x0000000084a00000| PB 0x0000000084a00000| Untracked 
|  37|0x0000000084b00000, 0x0000000084b00000, 0x0000000084c00000|  0%| F|  |TAMS 0x0000000084b00000| PB 0x0000000084b00000| Untracked 
|  38|0x0000000084c00000, 0x0000000084c00000, 0x0000000084d00000|  0%| F|  |TAMS 0x0000000084c00000| PB 0x0000000084c00000| Untracked 
|  39|0x0000000084d00000, 0x0000000084d00000, 0x0000000084e00000|  0%| F|  |TAMS 0x0000000084d00000| PB 0x0000000084d00000| Untracked 
|  40|0x0000000084e00000, 0x0000000084e00000, 0x0000000084f00000|  0%| F|  |TAMS 0x0000000084e00000| PB 0x0000000084e00000| Untracked 
|  41|0x0000000084f00000, 0x0000000084f00000, 0x0000000085000000|  0%| F|  |TAMS 0x0000000084f00000| PB 0x0000000084f00000| Untracked 
|  42|0x0000000085000000, 0x0000000085000000, 0x0000000085100000|  0%| F|  |TAMS 0x0000000085000000| PB 0x0000000085000000| Untracked 
|  43|0x0000000085100000, 0x0000000085100000, 0x0000000085200000|  0%| F|  |TAMS 0x0000000085100000| PB 0x0000000085100000| Untracked 
|  44|0x0000000085200000, 0x0000000085200000, 0x0000000085300000|  0%| F|  |TAMS 0x0000000085200000| PB 0x0000000085200000| Untracked 
|  45|0x0000000085300000, 0x0000000085300000, 0x0000000085400000|  0%| F|  |TAMS 0x0000000085300000| PB 0x0000000085300000| Untracked 
|  46|0x0000000085400000, 0x0000000085400000, 0x0000000085500000|  0%| F|  |TAMS 0x0000000085400000| PB 0x0000000085400000| Untracked 
|  47|0x0000000085500000, 0x0000000085500000, 0x0000000085600000|  0%| F|  |TAMS 0x0000000085500000| PB 0x0000000085500000| Untracked 
|  48|0x0000000085600000, 0x0000000085600000, 0x0000000085700000|  0%| F|  |TAMS 0x0000000085600000| PB 0x0000000085600000| Untracked 
|  49|0x0000000085700000, 0x0000000085700000, 0x0000000085800000|  0%| F|  |TAMS 0x0000000085700000| PB 0x0000000085700000| Untracked 
|  50|0x0000000085800000, 0x0000000085800000, 0x0000000085900000|  0%| F|  |TAMS 0x0000000085800000| PB 0x0000000085800000| Untracked 
|  51|0x0000000085900000, 0x0000000085900000, 0x0000000085a00000|  0%| F|  |TAMS 0x0000000085900000| PB 0x0000000085900000| Untracked 
|  52|0x0000000085a00000, 0x0000000085a00000, 0x0000000085b00000|  0%| F|  |TAMS 0x0000000085a00000| PB 0x0000000085a00000| Untracked 
|  53|0x0000000085b00000, 0x0000000085b00000, 0x0000000085c00000|  0%| F|  |TAMS 0x0000000085b00000| PB 0x0000000085b00000| Untracked 
|  54|0x0000000085c00000, 0x0000000085c00000, 0x0000000085d00000|  0%| F|  |TAMS 0x0000000085c00000| PB 0x0000000085c00000| Untracked 
|  55|0x0000000085d00000, 0x0000000085d00000, 0x0000000085e00000|  0%| F|  |TAMS 0x0000000085d00000| PB 0x0000000085d00000| Untracked 
|  56|0x0000000085e00000, 0x0000000085e00000, 0x0000000085f00000|  0%| F|  |TAMS 0x0000000085e00000| PB 0x0000000085e00000| Untracked 
|  57|0x0000000085f00000, 0x0000000085f00000, 0x0000000086000000|  0%| F|  |TAMS 0x0000000085f00000| PB 0x0000000085f00000| Untracked 
|  58|0x0000000086000000, 0x0000000086000000, 0x0000000086100000|  0%| F|  |TAMS 0x0000000086000000| PB 0x0000000086000000| Untracked 
|  59|0x0000000086100000, 0x0000000086100000, 0x0000000086200000|  0%| F|  |TAMS 0x0000000086100000| PB 0x0000000086100000| Untracked 
|  60|0x0000000086200000, 0x0000000086200000, 0x0000000086300000|  0%| F|  |TAMS 0x0000000086200000| PB 0x0000000086200000| Untracked 
|  61|0x0000000086300000, 0x0000000086300000, 0x0000000086400000|  0%| F|  |TAMS 0x0000000086300000| PB 0x0000000086300000| Untracked 
|  62|0x0000000086400000, 0x0000000086400000, 0x0000000086500000|  0%| F|  |TAMS 0x0000000086400000| PB 0x0000000086400000| Untracked 
|  63|0x0000000086500000, 0x0000000086500000, 0x0000000086600000|  0%| F|  |TAMS 0x0000000086500000| PB 0x0000000086500000| Untracked 
|  64|0x0000000086600000, 0x0000000086600000, 0x0000000086700000|  0%| F|  |TAMS 0x0000000086600000| PB 0x0000000086600000| Untracked 
|  65|0x0000000086700000, 0x0000000086700000, 0x0000000086800000|  0%| F|  |TAMS 0x0000000086700000| PB 0x0000000086700000| Untracked 
|  66|0x0000000086800000, 0x0000000086800000, 0x0000000086900000|  0%| F|  |TAMS 0x0000000086800000| PB 0x0000000086800000| Untracked 
|  67|0x0000000086900000, 0x0000000086900000, 0x0000000086a00000|  0%| F|  |TAMS 0x0000000086900000| PB 0x0000000086900000| Untracked 
|  68|0x0000000086a00000, 0x0000000086a00000, 0x0000000086b00000|  0%| F|  |TAMS 0x0000000086a00000| PB 0x0000000086a00000| Untracked 
|  69|0x0000000086b00000, 0x0000000086b00000, 0x0000000086c00000|  0%| F|  |TAMS 0x0000000086b00000| PB 0x0000000086b00000| Untracked 
|  70|0x0000000086c00000, 0x0000000086c00000, 0x0000000086d00000|  0%| F|  |TAMS 0x0000000086c00000| PB 0x0000000086c00000| Untracked 
|  71|0x0000000086d00000, 0x0000000086d00000, 0x0000000086e00000|  0%| F|  |TAMS 0x0000000086d00000| PB 0x0000000086d00000| Untracked 
|  72|0x0000000086e00000, 0x0000000086e00000, 0x0000000086f00000|  0%| F|  |TAMS 0x0000000086e00000| PB 0x0000000086e00000| Untracked 
|  73|0x0000000086f00000, 0x0000000086f00000, 0x0000000087000000|  0%| F|  |TAMS 0x0000000086f00000| PB 0x0000000086f00000| Untracked 
|  74|0x0000000087000000, 0x0000000087000000, 0x0000000087100000|  0%| F|  |TAMS 0x0000000087000000| PB 0x0000000087000000| Untracked 
|  75|0x0000000087100000, 0x0000000087100000, 0x0000000087200000|  0%| F|  |TAMS 0x0000000087100000| PB 0x0000000087100000| Untracked 
|  76|0x0000000087200000, 0x0000000087200000, 0x0000000087300000|  0%| F|  |TAMS 0x0000000087200000| PB 0x0000000087200000| Untracked 
|  77|0x0000000087300000, 0x0000000087300000, 0x0000000087400000|  0%| F|  |TAMS 0x0000000087300000| PB 0x0000000087300000| Untracked 
|  78|0x0000000087400000, 0x0000000087400000, 0x0000000087500000|  0%| F|  |TAMS 0x0000000087400000| PB 0x0000000087400000| Untracked 
|  79|0x0000000087500000, 0x0000000087500000, 0x0000000087600000|  0%| F|  |TAMS 0x0000000087500000| PB 0x0000000087500000| Untracked 
|  80|0x0000000087600000, 0x0000000087600000, 0x0000000087700000|  0%| F|  |TAMS 0x0000000087600000| PB 0x0000000087600000| Untracked 
|  81|0x0000000087700000, 0x0000000087700000, 0x0000000087800000|  0%| F|  |TAMS 0x0000000087700000| PB 0x0000000087700000| Untracked 
|  82|0x0000000087800000, 0x0000000087800000, 0x0000000087900000|  0%| F|  |TAMS 0x0000000087800000| PB 0x0000000087800000| Untracked 
|  83|0x0000000087900000, 0x0000000087900000, 0x0000000087a00000|  0%| F|  |TAMS 0x0000000087900000| PB 0x0000000087900000| Untracked 
|  84|0x0000000087a00000, 0x0000000087a00000, 0x0000000087b00000|  0%| F|  |TAMS 0x0000000087a00000| PB 0x0000000087a00000| Untracked 
|  85|0x0000000087b00000, 0x0000000087b00000, 0x0000000087c00000|  0%| F|  |TAMS 0x0000000087b00000| PB 0x0000000087b00000| Untracked 
|  86|0x0000000087c00000, 0x0000000087c00000, 0x0000000087d00000|  0%| F|  |TAMS 0x0000000087c00000| PB 0x0000000087c00000| Untracked 
|  87|0x0000000087d00000, 0x0000000087d00000, 0x0000000087e00000|  0%| F|  |TAMS 0x0000000087d00000| PB 0x0000000087d00000| Untracked 
|  88|0x0000000087e00000, 0x0000000087e00000, 0x0000000087f00000|  0%| F|  |TAMS 0x0000000087e00000| PB 0x0000000087e00000| Untracked 
|  89|0x0000000087f00000, 0x0000000087f00000, 0x0000000088000000|  0%| F|  |TAMS 0x0000000087f00000| PB 0x0000000087f00000| Untracked 
|  90|0x0000000088000000, 0x0000000088000000, 0x0000000088100000|  0%| F|  |TAMS 0x0000000088000000| PB 0x0000000088000000| Untracked 
|  91|0x0000000088100000, 0x0000000088100000, 0x0000000088200000|  0%| F|  |TAMS 0x0000000088100000| PB 0x0000000088100000| Untracked 
|  92|0x0000000088200000, 0x0000000088200000, 0x0000000088300000|  0%| F|  |TAMS 0x0000000088200000| PB 0x0000000088200000| Untracked 
|  93|0x0000000088300000, 0x0000000088300000, 0x0000000088400000|  0%| F|  |TAMS 0x0000000088300000| PB 0x0000000088300000| Untracked 
|  94|0x0000000088400000, 0x0000000088400000, 0x0000000088500000|  0%| F|  |TAMS 0x0000000088400000| PB 0x0000000088400000| Untracked 
|  95|0x0000000088500000, 0x0000000088500000, 0x0000000088600000|  0%| F|  |TAMS 0x0000000088500000| PB 0x0000000088500000| Untracked 
|  96|0x0000000088600000, 0x0000000088600000, 0x0000000088700000|  0%| F|  |TAMS 0x0000000088600000| PB 0x0000000088600000| Untracked 
|  97|0x0000000088700000, 0x0000000088700000, 0x0000000088800000|  0%| F|  |TAMS 0x0000000088700000| PB 0x0000000088700000| Untracked 
|  98|0x0000000088800000, 0x0000000088800000, 0x0000000088900000|  0%| F|  |TAMS 0x0000000088800000| PB 0x0000000088800000| Untracked 
|  99|0x0000000088900000, 0x0000000088900000, 0x0000000088a00000|  0%| F|  |TAMS 0x0000000088900000| PB 0x0000000088900000| Untracked 
| 100|0x0000000088a00000, 0x0000000088a00000, 0x0000000088b00000|  0%| F|  |TAMS 0x0000000088a00000| PB 0x0000000088a00000| Untracked 
| 101|0x0000000088b00000, 0x0000000088b00000, 0x0000000088c00000|  0%| F|  |TAMS 0x0000000088b00000| PB 0x0000000088b00000| Untracked 
| 102|0x0000000088c00000, 0x0000000088c00000, 0x0000000088d00000|  0%| F|  |TAMS 0x0000000088c00000| PB 0x0000000088c00000| Untracked 
| 103|0x0000000088d00000, 0x0000000088d00000, 0x0000000088e00000|  0%| F|  |TAMS 0x0000000088d00000| PB 0x0000000088d00000| Untracked 
| 104|0x0000000088e00000, 0x0000000088e00000, 0x0000000088f00000|  0%| F|  |TAMS 0x0000000088e00000| PB 0x0000000088e00000| Untracked 
| 105|0x0000000088f00000, 0x0000000088f00000, 0x0000000089000000|  0%| F|  |TAMS 0x0000000088f00000| PB 0x0000000088f00000| Untracked 
| 106|0x0000000089000000, 0x0000000089000000, 0x0000000089100000|  0%| F|  |TAMS 0x0000000089000000| PB 0x0000000089000000| Untracked 
| 107|0x0000000089100000, 0x0000000089100000, 0x0000000089200000|  0%| F|  |TAMS 0x0000000089100000| PB 0x0000000089100000| Untracked 
| 108|0x0000000089200000, 0x0000000089200000, 0x0000000089300000|  0%| F|  |TAMS 0x0000000089200000| PB 0x0000000089200000| Untracked 
| 109|0x0000000089300000, 0x00000000893eb8f0, 0x0000000089400000| 92%| E|  |TAMS 0x0000000089300000| PB 0x0000000089300000| Complete 
| 110|0x0000000089400000, 0x0000000089500000, 0x0000000089500000|100%| E|CS|TAMS 0x0000000089400000| PB 0x0000000089400000| Complete 
| 111|0x0000000089500000, 0x0000000089600000, 0x0000000089600000|100%| E|CS|TAMS 0x0000000089500000| PB 0x0000000089500000| Complete 
| 112|0x0000000089600000, 0x0000000089700000, 0x0000000089700000|100%| E|CS|TAMS 0x0000000089600000| PB 0x0000000089600000| Complete 
| 113|0x0000000089700000, 0x0000000089800000, 0x0000000089800000|100%| E|CS|TAMS 0x0000000089700000| PB 0x0000000089700000| Complete 
| 114|0x0000000089800000, 0x0000000089900000, 0x0000000089900000|100%| E|CS|TAMS 0x0000000089800000| PB 0x0000000089800000| Complete 
| 115|0x0000000089900000, 0x0000000089a00000, 0x0000000089a00000|100%| E|CS|TAMS 0x0000000089900000| PB 0x0000000089900000| Complete 
| 116|0x0000000089a00000, 0x0000000089b00000, 0x0000000089b00000|100%| E|CS|TAMS 0x0000000089a00000| PB 0x0000000089a00000| Complete 
| 117|0x0000000089b00000, 0x0000000089c00000, 0x0000000089c00000|100%| E|CS|TAMS 0x0000000089b00000| PB 0x0000000089b00000| Complete 
| 118|0x0000000089c00000, 0x0000000089d00000, 0x0000000089d00000|100%| E|CS|TAMS 0x0000000089c00000| PB 0x0000000089c00000| Complete 
| 119|0x0000000089d00000, 0x0000000089e00000, 0x0000000089e00000|100%| E|CS|TAMS 0x0000000089d00000| PB 0x0000000089d00000| Complete 
| 120|0x0000000089e00000, 0x0000000089f00000, 0x0000000089f00000|100%| E|  |TAMS 0x0000000089e00000| PB 0x0000000089e00000| Complete 
| 121|0x0000000089f00000, 0x000000008a000000, 0x000000008a000000|100%| E|CS|TAMS 0x0000000089f00000| PB 0x0000000089f00000| Complete 
| 122|0x000000008a000000, 0x000000008a100000, 0x000000008a100000|100%| E|CS|TAMS 0x000000008a000000| PB 0x000000008a000000| Complete 
| 123|0x000000008a100000, 0x000000008a200000, 0x000000008a200000|100%| E|CS|TAMS 0x000000008a100000| PB 0x000000008a100000| Complete 
| 124|0x000000008a200000, 0x000000008a300000, 0x000000008a300000|100%| E|CS|TAMS 0x000000008a200000| PB 0x000000008a200000| Complete 
| 125|0x000000008a300000, 0x000000008a400000, 0x000000008a400000|100%| E|CS|TAMS 0x000000008a300000| PB 0x000000008a300000| Complete 

Card table byte_map: [0x000001b3595f0000,0x000001b3599e0000] _byte_map_base: 0x000001b3591dd000

Marking Bits: (CMBitMap*) 0x000001b345fd0460
 Bits: [0x000001b3599e0000, 0x000001b35b948000)

Polling page: 0x000001b343cb0000

Metaspace:

Usage:
  Non-class:     16.41 MB used.
      Class:      1.89 MB used.
       Both:     18.30 MB used.

Virtual space:
  Non-class space:       64.00 MB reserved,      16.56 MB ( 26%) committed,  1 nodes.
      Class space:        1.00 GB reserved,       2.00 MB ( <1%) committed,  1 nodes.
             Both:        1.06 GB reserved,      18.56 MB (  2%) committed. 

Chunk freelists:
   Non-Class:  14.73 MB
       Class:  14.02 MB
        Both:  28.74 MB

MaxMetaspaceSize: unlimited
CompressedClassSpaceSize: 1.00 GB
Initial GC threshold: 21.00 MB
Current GC threshold: 21.00 MB
CDS: off
 - commit_granule_bytes: 65536.
 - commit_granule_words: 8192.
 - virtual_space_node_default_size: 8388608.
 - enlarge_chunks_in_place: 1.
 - use_allocation_guard: 0.


Internal statistics:

num_allocs_failed_limit: 0.
num_arena_births: 218.
num_arena_deaths: 0.
num_vsnodes_births: 2.
num_vsnodes_deaths: 0.
num_space_committed: 297.
num_space_uncommitted: 0.
num_chunks_returned_to_freelist: 0.
num_chunks_taken_from_freelist: 432.
num_chunk_merges: 0.
num_chunk_splits: 236.
num_chunks_enlarged: 101.
num_inconsistent_stats: 0.

CodeHeap 'non-profiled nmethods': size=120000Kb used=414Kb max_used=414Kb free=119585Kb
 bounds [0x000001b351aa0000, 0x000001b351d10000, 0x000001b358fd0000]
CodeHeap 'profiled nmethods': size=120000Kb used=1932Kb max_used=1932Kb free=118067Kb
 bounds [0x000001b349fd0000, 0x000001b34a240000, 0x000001b351500000]
CodeHeap 'non-nmethods': size=5760Kb used=1358Kb max_used=1396Kb free=4401Kb
 bounds [0x000001b351500000, 0x000001b351770000, 0x000001b351aa0000]
CodeCache: size=245760Kb, used=3704Kb, max_used=3742Kb, free=242053Kb
 total_blobs=1734, nmethods=1217, adapters=422, full_count=0
Compilation: enabled, stopped_count=0, restarted_count=0

Compilation events (20 events):
Event: 9.641 Thread 0x000001b3001c9f00 nmethod 1165 0x000001b34a194f10 code [0x000001b34a1950c0, 0x000001b34a1952d0]
Event: 9.641 Thread 0x000001b3001c9f00 1166   !   3       jdk.internal.misc.ScopedMemoryAccess::copyMemory (27 bytes)
Event: 9.642 Thread 0x000001b3001c9f00 nmethod 1166 0x000001b34a195410 code [0x000001b34a195620, 0x000001b34a195c28]
Event: 9.642 Thread 0x000001b3001c9f00 1167       3       java.nio.MappedByteBuffer::limit (6 bytes)
Event: 9.642 Thread 0x000001b3001c9f00 nmethod 1167 0x000001b34a196010 code [0x000001b34a1961c0, 0x000001b34a1963d0]
Event: 9.648 Thread 0x000001b3001d2ff0 nmethod 1145 0x000001b351b02890 code [0x000001b351b02b00, 0x000001b351b03988]
Event: 9.648 Thread 0x000001b3001d2ff0 1148       4       jdk.internal.org.objectweb.asm.SymbolTable$Entry::<init> (17 bytes)
Event: 9.652 Thread 0x000001b3001d2ff0 nmethod 1148 0x000001b351b04190 code [0x000001b351b04320, 0x000001b351b04580]
Event: 9.652 Thread 0x000001b3001d2ff0 1151       4       jdk.internal.util.ReferencedKeyMap::removeStaleReferences (30 bytes)
Event: 9.653 Thread 0x000001b3001d2ff0 nmethod 1151 0x000001b351b04610 code [0x000001b351b047a0, 0x000001b351b04890]
Event: 9.653 Thread 0x000001b3001d2ff0 1152   !   4       java.lang.ref.NativeReferenceQueue::poll (28 bytes)
Event: 9.654 Thread 0x000001b3001d2ff0 nmethod 1152 0x000001b351b04990 code [0x000001b351b04b20, 0x000001b351b04bd0]
Event: 9.657 Thread 0x000001b3001d2ff0 1168       4       jdk.internal.util.StrongReferenceKey::hashCode (8 bytes)
Event: 9.669 Thread 0x000001b3001d2ff0 nmethod 1168 0x000001b351b04c90 code [0x000001b351b04ea0, 0x000001b351b052e0]
Event: 9.673 Thread 0x000001b3001c9f00 1169       3       java.lang.invoke.Invokers$Holder::linkToTargetMethod (9 bytes)
Event: 9.673 Thread 0x000001b3001c9f00 nmethod 1169 0x000001b34a196510 code [0x000001b34a1966e0, 0x000001b34a196978]
Event: 9.713 Thread 0x000001b3001c9f00 1170       1       java.util.concurrent.atomic.AtomicInteger::get (5 bytes)
Event: 9.713 Thread 0x000001b3001c9f00 nmethod 1170 0x000001b351b05610 code [0x000001b351b057a0, 0x000001b351b05868]
Event: 9.713 Thread 0x000001b3001c9f00 1171       3       java.lang.invoke.DirectMethodHandle$Holder::newInvokeSpecial (21 bytes)
Event: 9.714 Thread 0x000001b3001c9f00 nmethod 1171 0x000001b34a196a90 code [0x000001b34a196c80, 0x000001b34a1971c8]

GC Heap History (0 events):
No events

Dll operation events (2 events):
Event: 0.018 Loaded shared library C:\Program Files\JetBrains\IntelliJ IDEA 2025.3.2\jbr\bin\java.dll
Event: 1.127 Loaded shared library C:\Program Files\JetBrains\IntelliJ IDEA 2025.3.2\jbr\bin\zip.dll

Deoptimization events (20 events):
Event: 7.486 Thread 0x000001b300904520 Uncommon trap: trap_request=0xffffff66 fr.pc=0x000001b351af8414 relative=0x0000000000000334
Event: 7.486 Thread 0x000001b300904520 Uncommon trap: reason=speculate_class_check action=maybe_recompile pc=0x000001b351af8414 method=sun.security.util.math.intpoly.IntegerPolynomial.multByInt([JJ)V @ 26 c2
Event: 7.486 Thread 0x000001b300904520 DEOPT PACKING pc=0x000001b351af8414 sp=0x00000026ce2fdfb0
Event: 7.486 Thread 0x000001b300904520 DEOPT UNPACKING pc=0x000001b3515543a2 sp=0x00000026ce2fdf00 mode 2
Event: 7.486 Thread 0x000001b300904520 Uncommon trap: trap_request=0xffffffde fr.pc=0x000001b351af4db0 relative=0x0000000000000270
Event: 7.486 Thread 0x000001b300904520 Uncommon trap: reason=class_check action=maybe_recompile pc=0x000001b351af4db0 method=sun.security.util.math.intpoly.IntegerPolynomial.multByInt([JJ)V @ 26 c2
Event: 7.486 Thread 0x000001b300904520 DEOPT PACKING pc=0x000001b351af4db0 sp=0x00000026ce2fdf30
Event: 7.486 Thread 0x000001b300904520 DEOPT UNPACKING pc=0x000001b3515543a2 sp=0x00000026ce2fdf00 mode 2
Event: 7.486 Thread 0x000001b300904520 Uncommon trap: trap_request=0xffffffde fr.pc=0x000001b351af4db0 relative=0x0000000000000270
Event: 7.486 Thread 0x000001b300904520 Uncommon trap: reason=class_check action=maybe_recompile pc=0x000001b351af4db0 method=sun.security.util.math.intpoly.IntegerPolynomial.multByInt([JJ)V @ 26 c2
Event: 7.486 Thread 0x000001b300904520 DEOPT PACKING pc=0x000001b351af4db0 sp=0x00000026ce2fdf30
Event: 7.487 Thread 0x000001b300904520 DEOPT UNPACKING pc=0x000001b3515543a2 sp=0x00000026ce2fdf00 mode 2
Event: 7.487 Thread 0x000001b300904520 Uncommon trap: trap_request=0xffffffde fr.pc=0x000001b351af4db0 relative=0x0000000000000270
Event: 7.487 Thread 0x000001b300904520 Uncommon trap: reason=class_check action=maybe_recompile pc=0x000001b351af4db0 method=sun.security.util.math.intpoly.IntegerPolynomial.multByInt([JJ)V @ 26 c2
Event: 7.487 Thread 0x000001b300904520 DEOPT PACKING pc=0x000001b351af4db0 sp=0x00000026ce2fdf30
Event: 7.487 Thread 0x000001b300904520 DEOPT UNPACKING pc=0x000001b3515543a2 sp=0x00000026ce2fdf00 mode 2
Event: 7.487 Thread 0x000001b300904520 Uncommon trap: trap_request=0xffffffde fr.pc=0x000001b351af4db0 relative=0x0000000000000270
Event: 7.487 Thread 0x000001b300904520 Uncommon trap: reason=class_check action=maybe_recompile pc=0x000001b351af4db0 method=sun.security.util.math.intpoly.IntegerPolynomial.multByInt([JJ)V @ 26 c2
Event: 7.487 Thread 0x000001b300904520 DEOPT PACKING pc=0x000001b351af4db0 sp=0x00000026ce2fdf30
Event: 7.487 Thread 0x000001b300904520 DEOPT UNPACKING pc=0x000001b3515543a2 sp=0x00000026ce2fdf00 mode 2

Classes loaded (20 events):
Event: 7.544 Loading class sun/security/ssl/SSLBasicKeyDerivation$SecretSizeSpec
Event: 7.544 Loading class sun/security/ssl/SSLBasicKeyDerivation$SecretSizeSpec done
Event: 7.547 Loading class jdk/internal/event/TLSHandshakeEvent
Event: 7.547 Loading class jdk/internal/event/TLSHandshakeEvent done
Event: 7.548 Loading class com/sun/crypto/provider/GaloisCounterMode$GCMEncrypt
Event: 7.548 Loading class com/sun/crypto/provider/GaloisCounterMode$GCMEncrypt done
Event: 7.548 Loading class com/sun/crypto/provider/GaloisCounterMode$EncryptOp
Event: 7.548 Loading class com/sun/crypto/provider/GaloisCounterMode$EncryptOp done
Event: 7.549 Loading class sun/security/ssl/CipherSuite$1
Event: 7.549 Loading class sun/security/ssl/CipherSuite$1 done
Event: 7.551 Loading class java/util/concurrent/CompletionException
Event: 7.552 Loading class java/util/concurrent/CompletionException done
Event: 9.627 Loading class java/util/Collections$UnmodifiableMap$UnmodifiableEntrySet
Event: 9.629 Loading class java/util/Collections$UnmodifiableMap$UnmodifiableEntrySet done
Event: 9.629 Loading class java/util/Collections$UnmodifiableMap$UnmodifiableEntrySet$1
Event: 9.629 Loading class java/util/Collections$UnmodifiableMap$UnmodifiableEntrySet$1 done
Event: 9.630 Loading class java/util/Collections$UnmodifiableMap$UnmodifiableEntrySet$UnmodifiableEntry
Event: 9.630 Loading class java/util/Collections$UnmodifiableMap$UnmodifiableEntrySet$UnmodifiableEntry done
Event: 9.725 Loading class sun/security/ssl/NewSessionTicket$T13NewSessionTicketMessage
Event: 10.690 Loading class sun/security/ssl/NewSessionTicket$NewSessionTicketMessage

Classes unloaded (0 events):
No events

Classes redefined (0 events):
No events

Internal exceptions (20 events):
Event: 2.671 Thread 0x000001b343b35970 Exception <a 'sun/nio/fs/WindowsException'{0x0000000089f120f0}> (0x0000000089f120f0) 
thrown [s\src\hotspot\share\prims\jni.cpp, line 537]
Event: 2.814 Thread 0x000001b343b35970 Exception <a 'java/lang/NoSuchMethodError'{0x0000000089e54ec8}: 'java.lang.Object java.lang.invoke.DirectMethodHandle$Holder.invokeStaticInit(java.lang.Object, java.lang.Object, int, int, int, int)'> (0x0000000089e54ec8) 
thrown [s\src\hotspot\share\interpreter\linkResolver.cpp, line 784]
Event: 2.844 Thread 0x000001b343b35970 Exception <a 'java/lang/NoSuchMethodError'{0x0000000089d1a1e8}: 'java.lang.Object java.lang.invoke.DirectMethodHandle$Holder.invokeStaticInit(java.lang.Object, java.lang.Object, int)'> (0x0000000089d1a1e8) 
thrown [s\src\hotspot\share\interpreter\linkResolver.cpp, line 784]
Event: 2.846 Thread 0x000001b343b35970 Exception <a 'java/lang/NoSuchMethodError'{0x0000000089d200f0}: 'java.lang.Object java.lang.invoke.DirectMethodHandle$Holder.newInvokeSpecial(java.lang.Object, java.lang.Object, int)'> (0x0000000089d200f0) 
thrown [s\src\hotspot\share\interpreter\linkResolver.cpp, line 784]
Event: 2.852 Thread 0x000001b343b35970 Exception <a 'java/lang/NoSuchMethodError'{0x0000000089d35a88}: 'int java.lang.invoke.DirectMethodHandle$Holder.invokeSpecialIFC(java.lang.Object, java.lang.Object, java.lang.Object)'> (0x0000000089d35a88) 
thrown [s\src\hotspot\share\interpreter\linkResolver.cpp, line 784]
Event: 2.882 Thread 0x000001b343b35970 Exception <a 'java/lang/NoSuchMethodError'{0x0000000089d6f360}: 'java.lang.Object java.lang.invoke.Invokers$Holder.invoke_MT(java.lang.Object, java.lang.Object, java.lang.Object, java.lang.Object, java.lang.Object, java.lang.Object, java.lang.Object, java.lang.Object, java.lang.Object, java.lang.Object)'> (0x0000000089d6f360) 
thrown [s\src\hotspot\share\interpreter\linkResolver.cpp, line 784]
Event: 2.901 Thread 0x000001b343b35970 Exception <a 'java/lang/NoSuchMethodError'{0x0000000089daff50}: 'int java.lang.invoke.DirectMethodHandle$Holder.invokeSpecial(java.lang.Object, java.lang.Object, java.lang.Object, java.lang.Object)'> (0x0000000089daff50) 
thrown [s\src\hotspot\share\interpreter\linkResolver.cpp, line 784]
Event: 2.906 Thread 0x000001b343b35970 Exception <a 'java/lang/NoSuchMethodError'{0x0000000089dc84e8}: 'java.lang.Object java.lang.invoke.DelegatingMethodHandle$Holder.delegate(java.lang.Object, int, java.lang.Object, java.lang.Object)'> (0x0000000089dc84e8) 
thrown [s\src\hotspot\share\interpreter\linkResolver.cpp, line 784]
Event: 2.909 Thread 0x000001b343b35970 Exception <a 'java/lang/NoSuchMethodError'{0x0000000089dd7c60}: 'int java.lang.invoke.Invokers$Holder.linkToTargetMethod(java.lang.Object, java.lang.Object, java.lang.Object)'> (0x0000000089dd7c60) 
thrown [s\src\hotspot\share\interpreter\linkResolver.cpp, line 784]
Event: 2.914 Thread 0x000001b343b35970 Exception <a 'java/lang/NoSuchMethodError'{0x0000000089c0add8}: 'long java.lang.invoke.DirectMethodHandle$Holder.invokeSpecial(java.lang.Object, java.lang.Object)'> (0x0000000089c0add8) 
thrown [s\src\hotspot\share\interpreter\linkResolver.cpp, line 784]
Event: 2.916 Thread 0x000001b343b35970 Exception <a 'java/lang/NoSuchMethodError'{0x0000000089c11ae8}: 'java.lang.Object java.lang.invoke.Invokers$Holder.invokeExact_MT(java.lang.Object, java.lang.Object, java.lang.Object, java.lang.Object, java.lang.Object, java.lang.Object)'> (0x0000000089c11ae8) 
thrown [s\src\hotspot\share\interpreter\linkResolver.cpp, line 784]
Event: 3.048 Thread 0x000001b343b35970 Exception <a 'java/lang/NoSuchMethodError'{0x0000000089baee18}: 'java.lang.Object java.lang.invoke.DirectMethodHandle$Holder.newInvokeSpecial(java.lang.Object, java.lang.Object, java.lang.Object, java.lang.Object, java.lang.Object)'> (0x0000000089baee18) 
thrown [s\src\hotspot\share\interpreter\linkResolver.cpp, line 784]
Event: 3.098 Thread 0x000001b343b35970 Exception <a 'java/lang/NoSuchMethodError'{0x0000000089952a08}: 'java.lang.Object java.lang.invoke.DirectMethodHandle$Holder.invokeSpecial(java.lang.Object, java.lang.Object, java.lang.Object, java.lang.Object, int)'> (0x0000000089952a08) 
thrown [s\src\hotspot\share\interpreter\linkResolver.cpp, line 784]
Event: 3.099 Thread 0x000001b343b35970 Exception <a 'java/lang/NoSuchMethodError'{0x0000000089956370}: 'java.lang.Object java.lang.invoke.Invokers$Holder.linkToTargetMethod(java.lang.Object, java.lang.Object, int, java.lang.Object)'> (0x0000000089956370) 
thrown [s\src\hotspot\share\interpreter\linkResolver.cpp, line 784]
Event: 3.109 Thread 0x000001b343b35970 Exception <a 'java/lang/NoSuchMethodError'{0x0000000089985758}: 'void java.lang.invoke.DirectMethodHandle$Holder.invokeSpecial(java.lang.Object, java.lang.Object, java.lang.Object)'> (0x0000000089985758) 
thrown [s\src\hotspot\share\interpreter\linkResolver.cpp, line 784]
Event: 3.132 Thread 0x000001b300891f10 Exception <a 'java/lang/NoSuchMethodError'{0x0000000089811020}: 'void java.lang.invoke.DirectMethodHandle$Holder.invokeStatic(java.lang.Object, java.lang.Object, int)'> (0x0000000089811020) 
thrown [s\src\hotspot\share\interpreter\linkResolver.cpp, line 784]
Event: 3.134 Thread 0x000001b343b35970 Exception <a 'java/lang/NoSuchMethodError'{0x000000008988d460}: 'void java.lang.invoke.DirectMethodHandle$Holder.invokeSpecial(java.lang.Object, java.lang.Object, java.lang.Object, java.lang.Object, java.lang.Object)'> (0x000000008988d460) 
thrown [s\src\hotspot\share\interpreter\linkResolver.cpp, line 784]
Event: 3.147 Thread 0x000001b300904520 Exception <a 'java/lang/NoSuchMethodError'{0x0000000089713808}: 'void java.lang.invoke.DirectMethodHandle$Holder.invokeInterface(java.lang.Object, java.lang.Object, java.lang.Object)'> (0x0000000089713808) 
thrown [s\src\hotspot\share\interpreter\linkResolver.cpp, line 784]
Event: 7.476 Thread 0x000001b300904520 Exception <a 'java/lang/NoSuchMethodError'{0x0000000089581a60}: 'void java.lang.invoke.DirectMethodHandle$Holder.invokeInterface(java.lang.Object, java.lang.Object)'> (0x0000000089581a60) 
thrown [s\src\hotspot\share\interpreter\linkResolver.cpp, line 784]
Event: 7.550 Thread 0x000001b300904520 Exception <a 'java/lang/NoSuchMethodError'{0x00000000895fabf8}: 'void java.lang.invoke.DirectMethodHandle$Holder.invokeStatic(java.lang.Object, java.lang.Object, java.lang.Object, java.lang.Object)'> (0x00000000895fabf8) 
thrown [s\src\hotspot\share\interpreter\linkResolver.cpp, line 784]

ZGC Phase Switch (0 events):
No events

VM Operations (17 events):
Event: 2.413 Executing VM operation: HandshakeAllThreads (Deoptimize)
Event: 2.413 Executing VM operation: HandshakeAllThreads (Deoptimize) done
Event: 2.413 Executing VM operation: Cleanup
Event: 2.413 Executing VM operation: Cleanup done
Event: 2.433 Executing VM operation: HandshakeAllThreads (Deoptimize)
Event: 2.433 Executing VM operation: HandshakeAllThreads (Deoptimize) done
Event: 2.784 Executing VM operation: HandshakeAllThreads (Deoptimize)
Event: 2.784 Executing VM operation: HandshakeAllThreads (Deoptimize) done
Event: 3.137 Executing VM operation: HandshakeAllThreads (Deoptimize)
Event: 3.137 Executing VM operation: HandshakeAllThreads (Deoptimize) done
Event: 4.148 Executing VM operation: Cleanup
Event: 4.210 Executing VM operation: Cleanup done
Event: 6.212 Executing VM operation: Cleanup
Event: 7.350 Executing VM operation: Cleanup done
Event: 8.358 Executing VM operation: Cleanup
Event: 8.358 Executing VM operation: Cleanup done
Event: 10.363 Executing VM operation: Cleanup

Memory protections (0 events):
No events

Nmethod flushes (0 events):
No events

Events (20 events):
Event: 1.285 Thread 0x000001b343b35970 Thread added: 0x000001b3001c1b60
Event: 1.287 Thread 0x000001b343b35970 Thread added: 0x000001b3001c4420
Event: 1.287 Thread 0x000001b343b35970 Thread added: 0x000001b3001c4e80
Event: 1.287 Thread 0x000001b343b35970 Thread added: 0x000001b3001c78f0
Event: 1.287 Thread 0x000001b343b35970 Thread added: 0x000001b3001c8350
Event: 1.288 Thread 0x000001b343b35970 Thread added: 0x000001b3001d2ff0
Event: 1.288 Thread 0x000001b343b35970 Thread added: 0x000001b3001c9f00
Event: 2.362 Thread 0x000001b343b35970 Thread added: 0x000001b3003914d0
Event: 2.387 Loaded shared library C:\Program Files\JetBrains\IntelliJ IDEA 2025.3.2\jbr\bin\net.dll
Event: 2.390 Loaded shared library C:\Program Files\JetBrains\IntelliJ IDEA 2025.3.2\jbr\bin\nio.dll
Event: 2.405 Loaded shared library C:\Program Files\JetBrains\IntelliJ IDEA 2025.3.2\jbr\bin\zip.dll
Event: 2.548 Loaded shared library C:\Program Files\JetBrains\IntelliJ IDEA 2025.3.2\jbr\bin\jimage.dll
Event: 2.566 Loaded shared library C:\Program Files\JetBrains\IntelliJ IDEA 2025.3.2\jbr\bin\sunmscapi.dll
Event: 3.029 Loaded shared library C:\Program Files\JetBrains\IntelliJ IDEA 2025.3.2\jbr\bin\extnet.dll
Event: 3.038 Thread 0x000001b343b35970 Thread added: 0x000001b300891f10
Event: 3.143 Thread 0x000001b300891f10 Thread added: 0x000001b300904520
Event: 3.169 Thread 0x000001b300891f10 Thread added: 0x000001b3009b10e0
Event: 5.303 Thread 0x000001b3001c9f00 Thread added: 0x000001b300a774b0
Event: 5.307 Thread 0x000001b3001c9f00 Thread added: 0x000001b3008ff250
Event: 8.580 Thread 0x000001b3008ff250 Thread exited: 0x000001b3008ff250


Dynamic libraries:
0x00007ff7a8e90000 - 0x00007ff7a8e9a000 	C:\Program Files\JetBrains\IntelliJ IDEA 2025.3.2\jbr\bin\java.exe
0x00007ff8e1760000 - 0x00007ff8e19c8000 	C:\WINDOWS\SYSTEM32\ntdll.dll
0x00007ff8e09f0000 - 0x00007ff8e0ab9000 	C:\WINDOWS\System32\KERNEL32.DLL
0x00007ff8de040000 - 0x00007ff8de431000 	C:\WINDOWS\System32\KERNELBASE.dll
0x00007ff8df3b0000 - 0x00007ff8df4fb000 	C:\WINDOWS\System32\ucrtbase.dll
0x00007ff8c8240000 - 0x00007ff8c8258000 	C:\Program Files\JetBrains\IntelliJ IDEA 2025.3.2\jbr\bin\jli.dll
0x00007ff8cc360000 - 0x00007ff8cc37b000 	C:\Program Files\JetBrains\IntelliJ IDEA 2025.3.2\jbr\bin\VCRUNTIME140.dll
0x00007ff8df810000 - 0x00007ff8df9d6000 	C:\WINDOWS\System32\USER32.dll
0x00007ff8c42f0000 - 0x00007ff8c4583000 	C:\WINDOWS\WinSxS\amd64_microsoft.windows.common-controls_6595b64144ccf1df_6.0.26100.7824_none_3e0870b2e3345462\COMCTL32.dll
0x00007ff8de7b0000 - 0x00007ff8de7d7000 	C:\WINDOWS\System32\win32u.dll
0x00007ff8e0b50000 - 0x00007ff8e0bf9000 	C:\WINDOWS\System32\msvcrt.dll
0x00007ff8e0ee0000 - 0x00007ff8e0f0b000 	C:\WINDOWS\System32\GDI32.dll
0x00007ff8dea10000 - 0x00007ff8deb3b000 	C:\WINDOWS\System32\gdi32full.dll
0x00007ff8de440000 - 0x00007ff8de4e3000 	C:\WINDOWS\System32\msvcp_win.dll
0x00007ff8dff20000 - 0x00007ff8dff51000 	C:\WINDOWS\System32\IMM32.DLL
0x00007ff8d5d30000 - 0x00007ff8d5d3c000 	C:\Program Files\JetBrains\IntelliJ IDEA 2025.3.2\jbr\bin\vcruntime140_1.dll
0x00007ff88fa60000 - 0x00007ff88faed000 	C:\Program Files\JetBrains\IntelliJ IDEA 2025.3.2\jbr\bin\msvcp140.dll
0x00007ff88b3d0000 - 0x00007ff88c19d000 	C:\Program Files\JetBrains\IntelliJ IDEA 2025.3.2\jbr\bin\server\jvm.dll
0x00007ff8e1660000 - 0x00007ff8e1714000 	C:\WINDOWS\System32\ADVAPI32.dll
0x00007ff8e0d30000 - 0x00007ff8e0dd6000 	C:\WINDOWS\System32\sechost.dll
0x00007ff8df510000 - 0x00007ff8df628000 	C:\WINDOWS\System32\RPCRT4.dll
0x00007ff8dfea0000 - 0x00007ff8dff14000 	C:\WINDOWS\System32\WS2_32.dll
0x00007ff8ddea0000 - 0x00007ff8ddefe000 	C:\WINDOWS\SYSTEM32\POWRPROF.dll
0x00007ff8d4280000 - 0x00007ff8d428b000 	C:\WINDOWS\SYSTEM32\VERSION.dll
0x00007ff8c8610000 - 0x00007ff8c8645000 	C:\WINDOWS\SYSTEM32\WINMM.dll
0x00007ff8dde80000 - 0x00007ff8dde94000 	C:\WINDOWS\SYSTEM32\UMPDC.dll
0x00007ff8dcda0000 - 0x00007ff8dcdbb000 	C:\WINDOWS\SYSTEM32\kernel.appcore.dll
0x00007ff8ce6f0000 - 0x00007ff8ce6fa000 	C:\Program Files\JetBrains\IntelliJ IDEA 2025.3.2\jbr\bin\jimage.dll
0x00007ff8dbfa0000 - 0x00007ff8dc1e2000 	C:\WINDOWS\SYSTEM32\DBGHELP.DLL
0x00007ff8e12c0000 - 0x00007ff8e1646000 	C:\WINDOWS\System32\combase.dll
0x00007ff8e0c00000 - 0x00007ff8e0cd7000 	C:\WINDOWS\System32\OLEAUT32.dll
0x00007ff8b8670000 - 0x00007ff8b86ab000 	C:\WINDOWS\SYSTEM32\dbgcore.DLL
0x00007ff8de960000 - 0x00007ff8dea05000 	C:\WINDOWS\System32\bcryptPrimitives.dll
0x00007ff8c85d0000 - 0x00007ff8c85f0000 	C:\Program Files\JetBrains\IntelliJ IDEA 2025.3.2\jbr\bin\java.dll
0x00007ff8c8530000 - 0x00007ff8c8548000 	C:\Program Files\JetBrains\IntelliJ IDEA 2025.3.2\jbr\bin\zip.dll
0x00007ff8dff60000 - 0x00007ff8e06b2000 	C:\WINDOWS\System32\SHELL32.dll
0x00007ff8de640000 - 0x00007ff8de7aa000 	C:\WINDOWS\System32\wintypes.dll
0x00007ff8deb40000 - 0x00007ff8df3a3000 	C:\WINDOWS\System32\windows.storage.dll
0x00007ff8e0de0000 - 0x00007ff8e0ed6000 	C:\WINDOWS\System32\SHCORE.dll
0x00007ff8e1250000 - 0x00007ff8e12b7000 	C:\WINDOWS\System32\shlwapi.dll
0x00007ff8ddf60000 - 0x00007ff8ddf89000 	C:\WINDOWS\SYSTEM32\profapi.dll
0x00007ff8ca8e0000 - 0x00007ff8ca8f0000 	C:\Program Files\JetBrains\IntelliJ IDEA 2025.3.2\jbr\bin\net.dll
0x00007ff8d1c60000 - 0x00007ff8d1d87000 	C:\WINDOWS\SYSTEM32\WINHTTP.dll
0x00007ff8dd2f0000 - 0x00007ff8dd35b000 	C:\WINDOWS\system32\mswsock.dll
0x00007ff8c84a0000 - 0x00007ff8c84b6000 	C:\Program Files\JetBrains\IntelliJ IDEA 2025.3.2\jbr\bin\nio.dll
0x00007ff8c8520000 - 0x00007ff8c852e000 	C:\Program Files\JetBrains\IntelliJ IDEA 2025.3.2\jbr\bin\sunmscapi.dll
0x00007ff8de7e0000 - 0x00007ff8de957000 	C:\WINDOWS\System32\CRYPT32.dll
0x00007ff8dd840000 - 0x00007ff8dd870000 	C:\WINDOWS\SYSTEM32\ncrypt.dll
0x00007ff8dd7f0000 - 0x00007ff8dd82f000 	C:\WINDOWS\SYSTEM32\NTASN1.dll
0x00007ff8dd6e0000 - 0x00007ff8dd6fb000 	C:\WINDOWS\SYSTEM32\CRYPTSP.dll
0x00007ff8dcd00000 - 0x00007ff8dcd39000 	C:\WINDOWS\system32\rsaenh.dll
0x00007ff8dd3a0000 - 0x00007ff8dd3cb000 	C:\WINDOWS\SYSTEM32\USERENV.dll
0x00007ff8ddf30000 - 0x00007ff8ddf5a000 	C:\WINDOWS\SYSTEM32\bcrypt.dll
0x00007ff8dd540000 - 0x00007ff8dd54c000 	C:\WINDOWS\SYSTEM32\CRYPTBASE.dll
0x00007ff8dc7f0000 - 0x00007ff8dc824000 	C:\WINDOWS\SYSTEM32\IPHLPAPI.DLL
0x00007ff8df9e0000 - 0x00007ff8df9ea000 	C:\WINDOWS\System32\NSI.dll
0x00007ff849a50000 - 0x00007ff849a58000 	C:\WINDOWS\system32\wshunix.dll
0x00007ff8c8490000 - 0x00007ff8c8499000 	C:\Program Files\JetBrains\IntelliJ IDEA 2025.3.2\jbr\bin\extnet.dll

JVMTI agents: none

dbghelp: loaded successfully - version: 4.0.5 - missing functions: none
symbol engine: initialized successfully - sym options: 0x614 - pdb path: .;C:\Program Files\JetBrains\IntelliJ IDEA 2025.3.2\jbr\bin;C:\WINDOWS\SYSTEM32;C:\WINDOWS\WinSxS\amd64_microsoft.windows.common-controls_6595b64144ccf1df_6.0.26100.7824_none_3e0870b2e3345462;C:\Program Files\JetBrains\IntelliJ IDEA 2025.3.2\jbr\bin\server

VM Arguments:
java_command: git4idea.http.GitAskPassApp Password for 'https://mameawa795-MIDA@github.com': 
java_class_path (initial): C:/Program Files/JetBrains/IntelliJ IDEA 2025.3.2/plugins/vcs-git/lib/git4idea-rt.jar;C:/Program Files/JetBrains/IntelliJ IDEA 2025.3.2/lib/externalProcess-rt.jar
Launcher Type: SUN_STANDARD

[Global flags]
     intx CICompilerCount                          = 4                                         {product} {ergonomic}
     uint ConcGCThreads                            = 2                                         {product} {ergonomic}
     uint G1ConcRefinementThreads                  = 8                                         {product} {ergonomic}
   size_t G1HeapRegionSize                         = 1048576                                   {product} {ergonomic}
    uintx GCDrainStackTargetSize                   = 64                                        {product} {ergonomic}
   size_t InitialHeapSize                          = 132120576                                 {product} {ergonomic}
   size_t MarkStackSize                            = 4194304                                   {product} {ergonomic}
   size_t MaxHeapSize                              = 2107637760                                {product} {ergonomic}
   size_t MaxNewSize                               = 1264582656                                {product} {ergonomic}
   size_t MinHeapDeltaBytes                        = 1048576                                   {product} {ergonomic}
   size_t MinHeapSize                              = 8388608                                   {product} {ergonomic}
    uintx NonNMethodCodeHeapSize                   = 5839372                                {pd product} {ergonomic}
    uintx NonProfiledCodeHeapSize                  = 122909434                              {pd product} {ergonomic}
    uintx ProfiledCodeHeapSize                     = 122909434                              {pd product} {ergonomic}
    uintx ReservedCodeCacheSize                    = 251658240                              {pd product} {ergonomic}
     bool SegmentedCodeCache                       = true                                      {product} {ergonomic}
   size_t SoftMaxHeapSize                          = 2107637760                             {manageable} {ergonomic}
     bool UseCompressedOops                        = true                           {product lp64_product} {ergonomic}
     bool UseG1GC                                  = true                                      {product} {ergonomic}
     bool UseLargePagesIndividualAllocation        = false                                  {pd product} {ergonomic}

Logging:
Log output configuration:
 #0: stdout all=warning uptime,level,tags foldmultilines=false
 #1: stderr all=off uptime,level,tags foldmultilines=false

Release file:
JAVA_VERSION="21.0.9" 
MODULES="java.base java.datatransfer java.xml java.prefs java.desktop gluegen.rt java.compiler java.instrument java.logging java.management java.security.sasl java.naming java.rmi java.management.rmi java.net.http java.scripting java.security.jgss java.transaction.xa java.sql java.sql.rowset java.xml.crypto java.se java.smartcardio jogl.all jcef jdk.accessibility jdk.internal.jvmstat jdk.attach jdk.charsets jdk.internal.opt jdk.zipfs jdk.compiler jdk.crypto.ec jdk.crypto.cryptoki jdk.crypto.mscapi jdk.dynalink jdk.hotspot.agent jdk.httpserver jdk.internal.ed jdk.internal.le jdk.internal.vm.ci jdk.javadoc jdk.jcmd jdk.jdwp.agent jdk.jdi jdk.jfr jdk.jsobject jdk.localedata jdk.management jdk.management.agent jdk.management.jfr jdk.naming.dns jdk.naming.rmi jdk.net jdk.sctp jdk.security.auth jdk.security.jgss jdk.unsupported jdk.unsupported.desktop jdk.xml.dom" 
IMPLEMENTOR="JetBrains s.r.o." 
IMPLEMENTOR_VERSION="JBR-21.0.9+1-1163.94-jcef" 
JAVA_RUNTIME_VERSION="21.0.9+1-b1163.94" 
LIBC="default" 
OS_ARCH="x86_64" 
OS_NAME="Windows" 
SOURCE=".:git:5d82c7fa6abe+ jcef_git:git:4a605f44671a" 
JCEF_VERSION="137.0.17.1087+g722a58e" 
JCEF_COMMIT_HASH="722a58ea148c6577a6b7e379036edec01083f004" 

Environment Variables:
PATH=C:/Program Files/Git/mingw64/libexec/git-core;C:/Program Files/Git/mingw64/libexec/git-core;C:\Program Files\Git\mingw64\bin;C:\Program Files\Git\usr\bin;C:\Users\user\bin;C:\Program Files\Common Files\Oracle\Java\javapath;C:\WINDOWS\system32;C:\WINDOWS;C:\WINDOWS\System32\Wbem;C:\WINDOWS\System32\WindowsPowerShell\v1.0\;C:\WINDOWS\System32\OpenSSH\;C:\Program Files (x86)\Intel\Intel(R) Management Engine Components\DAL;C:\Program Files\Intel\Intel(R) Management Engine Components\DAL;c:\Program Files\Intel\WiFi\bin\;c:\Program Files\Common Files\Intel\WirelessCommon\;C:\Program Files\nodejs\;C:\Program Files (x86)\Microsoft SQL Server\160\Tools\Binn\;C:\Program Files\Microsoft SQL Server\160\Tools\Binn\;C:\Program Files\Microsoft SQL Server\Client SDK\ODBC\170\Tools\Binn\;C:\Program Files\Microsoft SQL Server\160\DTS\Binn\;C:\Program Files\Microsoft SQL Server\170\DTS\Binn\;C:\Program Files\Git\cmd;C:\Program Files\Docker\Docker\resources\bin;C:\Users\user\AppData\Local\Programs\Python\Python314\Scripts\;C:\Users\user\AppData\Local\Programs\Python\Python314\;C:\Users\user\AppData\Local\Programs\Python\Launcher\;C:\Users\user\AppData\Local\Microsoft\WindowsApps;c:\Program Files\Intel\WiFi\bin\;c:\Program Files\Common Files\Intel\WirelessCommon\;C:\Users\user\AppData\Local\Programs\Microsoft VS Code\bin;C:\Users\user\AppData\Roaming\npm;C:\Program Files\JetBrains\IntelliJ IDEA 2025.3.2\bin
USERNAME=user
DISPLAY=:0.0
LC_ALL=en_US.UTF-8
TERM=xterm-256color
TMPDIR=C:\Users\user\AppData\Local\Temp
OS=Windows_NT
PROCESSOR_IDENTIFIER=Intel64 Family 6 Model 142 Stepping 10, GenuineIntel
TMP=C:\Users\user\AppData\Local\Temp
TEMP=C:\Users\user\AppData\Local\Temp




Periodic native trim disabled

JNI global refs:
JNI global refs: 20, weak refs: 0

JNI global refs memory usage: 835, weak refs: 201

Process memory usage:
Resident Set Size: 90592K (1% of 8228052K total physical memory with 387172K free physical memory)

OOME stack traces (most recent first):
Classloader memory used:
Loader bootstrap                                                                       : 16661K
Loader jdk.internal.loader.ClassLoaders$PlatformClassLoader                            : 2049K
Loader jdk.internal.loader.ClassLoaders$AppClassLoader                                 : 31648B

---------------  S Y S T E M  ---------------

OS:
 Windows 11 , 64 bit Build 26100 (10.0.26100.7705)
OS uptime: 7 days 14:50 hours
Hyper-V role detected

CPU: total 8 (initial active 8) (4 cores per cpu, 2 threads per core) family 6 model 142 stepping 10 microcode 0xf6, cx8, cmov, fxsr, ht, mmx, 3dnowpref, sse, sse2, sse3, ssse3, sse4.1, sse4.2, popcnt, lzcnt, tsc, tscinvbit, avx, avx2, aes, erms, clmul, bmi1, bmi2, rtm, adx, fma, vzeroupper, clflush, clflushopt, hv, rdtscp, f16c
Processor Information for processor 0
  Max Mhz: 1896, Current Mhz: 1696, Mhz Limit: 1687
Processor Information for processor 1
  Max Mhz: 1896, Current Mhz: 1496, Mhz Limit: 1687
Processor Information for processor 2
  Max Mhz: 1896, Current Mhz: 1696, Mhz Limit: 1687
Processor Information for processor 3
  Max Mhz: 1896, Current Mhz: 1496, Mhz Limit: 1687
Processor Information for processor 4
  Max Mhz: 1896, Current Mhz: 1696, Mhz Limit: 1687
Processor Information for processor 5
  Max Mhz: 1896, Current Mhz: 1696, Mhz Limit: 1687
Processor Information for processor 6
  Max Mhz: 1896, Current Mhz: 1496, Mhz Limit: 1687
Processor Information for processor 7
  Max Mhz: 1896, Current Mhz: 1496, Mhz Limit: 1687

Memory: 4k page, system-wide physical 8035M (378M free)
TotalPageFile size 32611M (AvailPageFile size 10M)
current process WorkingSet (physical memory assigned to process): 88M, peak: 89M
current process commit charge ("private bytes"): 231M, peak: 235M

vm_info: OpenJDK 64-Bit Server VM (21.0.9+1-b1163.94) for windows-amd64 JRE (21.0.9+1-b1163.94), built on 2026-01-12 by "builduser" with MS VC++ 16.10 / 16.11 (VS2019)

END.
